// Jest Snapshot v1, https://goo.gl/fbAQLP

exports[`Board that it renders Board with shallow rendering 1`] = `<div />`;
